// Jest Snapshot v1, https://goo.gl/fbAQLP

exports[`SignIn Action Creators  creates a FAILED action 1`] = `
Object {
  "error": "testing failed",
  "type": "SignInFailed",
}
`;

exports[`SignIn Action Creators  creates a SUCCESS action 1`] = `
Object {
  "payload": Object {
    "birthday": "1986-01-20",
    "email": "test@gmail.com",
    "full_name": "test",
    "token": "abcxyzwendsjkfjdsklfjkds",
    "trainee_id": 1,
  },
  "type": "SignInSuccess",
}
`;
